Script started on Tue Mar 19 21:49:34 2013
bash-3.2$ :q[K[K:q
bash: :q: command not found
bash-3.2$ Å“[K
bash-3.2$ ldd=[K[K[K[K
bash-3.2$ 
bash-3.2$ :c[K[K:[K
bash-3.2$ exit
exit

Script done on Tue Mar 19 21:50:11 2013
